1: ok body=[{"a":1}] detail=[]
2: ok body=[{"s":"größe 日本 😀"}] detail=[]
3: ok body=[{"b":2}] detail=[]
4: empty body=[] detail=[]
5: corrupt body=[] detail=[missing Content-Length header]
6: corrupt body=[] detail=[Content-Length is not a number]
7: corrupt body=[] detail=[Content-Length is negative]
8: corrupt body=[] detail=[Content-Length is not a number]
9: corrupt body=[] detail=[Content-Length is not a number]
10: corrupt body=[] detail=[Content-Length exceeds the limit of 67108864 bytes]
11: corrupt body=[] detail=[Content-Length exceeds the limit of 67108864 bytes]
12: ok body=[{"c":3}] detail=[]
13: corrupt body=[] detail=[Content-Length exceeds the limit of 67108864 bytes]
14: empty body=[] detail=[]
15: ok body=[inside: Content-Length: 3<CR><LF><CR><LF>xyz] detail=[]
16: ok body=[1048576 bytes, starts with [xxxxxxxxxxxx], ends with [xxxxxxxxxxxx]] detail=[]
17: ok body=[{"last":true}] detail=[]
18: eof body=[] detail=[end of input inside the headers]
after the end of input: eof body=[] detail=[end of input inside the headers]
