ok   chain/name
ok   chain/member-access
ok   chain/call-with-arguments
ok   chain/index-after-call
ok   chain/string-literal-receiver
ok   chain/group-receiver
ok   chain/free-call
ok   chain/array-literal-receiver
ok   chain/chained-indexes
ok   chain/map-index-then-member
ok   chain/this-member
ok   chain/number-receiver
ok   chain/object-literal-receiver
ok   cascade/first-section
ok   cascade/later-section-uses-the-receiver
ok   cascade/selectors-stay-in-their-section
ok   cascade/receiver-of-a-dot-pair
ok   cascade/call-receiver
ok   cascade/start-index
ok   cascade/apart-dots-are-no-cascade
ok   argc/empty
ok   argc/trailing-comma
ok   argc/nested-calls-and-literals
ok   argc/array-and-map
ok   argc/string-with-comma
ok   chain/stops-at-an-operator
ok   chain/stops-at-assignment
ok   chain/keyword-ends-it
ok   chain/paren-after-keyword-is-a-group
ok   chain/no-chain-at-an-operator
ok   chain/index-out-of-range
ok   chain/negative-index
ok   chain/empty-token-list
ok   chain/dangling-dot
ok   chain/unbalanced-close
ok   start/member-chain
ok   start/single-name
ok   start/operator-is-no-chain
ok   start/index-chain-includes-receiver
ok   start/call-without-receiver
ok   chain/depth-is-capped
ok   site/second-argument
ok   site/first-argument
ok   site/right-after-the-open-paren
ok   site/empty-argument-list
ok   site/unclosed-at-the-end
ok   site/unclosed-after-a-comma
ok   site/member-call
ok   site/after-a-chain
ok   site/inner-call
ok   site/outer-call-after-the-inner-one
ok   site/commas-in-an-array-literal-are-not-arguments
ok   site/commas-in-a-map-literal
ok   site/group-inside-an-argument
ok   site/group-after-a-comma
ok   site/index-inside-an-argument
ok   site/string-argument-with-a-comma
ok   site/between-calls
ok   site/plain-statement
ok   site/after-the-closing-paren
ok   site/condition-parentheses
ok   site/group-parentheses
ok   site/statement-boundary
ok   site/after-a-statement-keyword
ok   site/empty-text
ok   site/no-tokens
ok   site/far-away-call-is-not-searched-for
ok   locals/declaration-order-and-scopes
ok   locals/scanCallableLocals-equals-the-stored-ones
ok   visible/first-statement-sees-parameters
ok   visible/not-inside-its-own-initializer
ok   visible/after-the-first-declaration
ok   visible/loop-body-shadows-x
ok   visible/after-the-loop-the-outer-x-returns
ok   visible/if-branch
ok   visible/else-branch
ok   visible/end-of-body
ok   visible/outside-the-body
ok   visible/the-inner-declaration-wins
ok   locals/newlines-do-not-end-statements
ok   locals/generic-declarations
ok   locals/generic-shift-warnings
ok   locals/parameter-redeclared-is-an-assignment
ok   locals/unclosed-body-scopes-end-at-its-end
ok   locals/constructor
ok   locals/braces-in-strings
ok   locals/no-body-no-locals
ok   locals/hand-built-declaration
ok   locals/hand-built-without-tokens
ok   describe/short-token
ok   describe/newline-is-escaped
ok   describe/carriage-return-is-escaped
ok   describe/exactly-the-preview-length-is-kept
ok   describe/longer-literal-is-cut
ok   describe/cut-never-splits-a-multi-byte-character
ok   describe/continuation-bytes-only-still-terminate
ok   define/kind-word-follows
ok   define/other-name-is-a-local-type
ok   define/alone-is-not-a-start
99 checks, 0 failed
