ok   sample/outline
ok   sample/package
ok   sample/imports
ok   sample/import-spans
ok   sample/only-issue-is-the-top-level-print-hint
ok   sample/line-count-counts-the-empty-last-line
ok   spans/name
ok   spans/full-starts-at-the-annotation
ok   spans/full-ends-at-the-closing-brace
ok   spans/body-is-the-braces
ok   spans/native-has-no-body
ok   spans/native-full-ends-after-variadic
ok   spans/class-name-and-base
ok   spans/class-full-starts-at-define
ok   spans/field-with-modifiers
ok   spans/enum-constant-with-arguments
ok   spans/global-with-initializer
ok   docs/leading-trailing-and-members
ok   docs/index-options-keep-docs
ok   docs/switched-off
ok   docs/crlf
ok   docs/comment-above-the-annotation-line
ok   docs/comment-above-modifiers
ok   docs/indentation-after-the-first-space-is-kept
ok   docs/block-gutter-and-indentation
ok   docs/no-comment-no-doc
ok   docs/comment-only-file
ok   docs/doc-without-text
ok   docs/block-comment-same-line-as-the-declaration
ok   lookup/top-level-by-name
ok   lookup/top-level-type-by-name
ok   lookup/top-level-unknown
ok   lookup/type
ok   lookup/enum-is-a-type
ok   lookup/method-is-not-a-type
ok   lookup/members-overloads-in-order
ok   lookup/member-field
ok   lookup/member-of-unknown-type
ok   lookup/unknown-member
ok   lookup/enum-constant
ok   declAt/field
ok   declAt/inside-a-member-body
ok   declAt/second-overload
ok   declAt/class-gap-gives-the-class
ok   declAt/top-level-method
ok   declAt/between-declarations
ok   declAt/package-line
ok   declAt/past-the-end
ok   declAt/one-past-a-declaration-is-outside
ok   enclosingType/member-body
ok   enclosingType/top-level-method
ok   enclosingType/enum
ok   enclosingCallable/member-body
ok   enclosingCallable/top-level-body
ok   enclosingCallable/field-is-not-callable
ok   enclosingCallable/class-gap
ok   importLines/source-order
ok   importLines/same-objects
ok   importLines/is-a-new-array
ok   importLines/none
ok   decl/isCallable-and-not-type
ok   decl/arity
ok   decl/isDeprecated
ok   decl/hasModifier
ok   decl/type-kinds
ok   decl/constructor-is-callable
ok   decl/field-is-neither
ok   annotations/class-has-its-own
ok   annotations/first-member-has-none
ok   annotations/second-member-has-none
ok   annotations/after-a-broken-define
ok   showcase/no-issues
ok   showcase/imports
ok   showcase/top-level-declarations
ok   showcase/both-mains
ok   showcase/async-method
ok   showcase/class-members
ok   showcase/field-with-accessors
ok   showcase/annotated-keywordless-method
ok   showcase/enum-members
ok   showcase/private-constructor
ok   showcase/overloads
ok   showcase/deprecated-annotation
ok   showcase/locals-of-buy
ok   showcase/header-parameters-are-discarded
ok   showcase/abstract-class
ok   showcase/interface-entry
ok   showcase/annotation-definition
ok   std/every-method-line-is-a-method-declaration
ok   std/no-module-has-syntax-issues
ok   std/the-whole-library-was-seen
ok   std/strings-first-and-doc
ok   std/strings-leading-doc
ok   std/thread-native-with-trailing-doc
ok   std/thread-native-variadic-free
ok   std/thread-method-with-a-body
ok   std/thread-native-without-parameters
ok   options/editor-keeps-tokens-comments-locals
ok   options/editor-docs
ok   options/index-keeps-no-tokens-no-locals
ok   options/index-keeps-docs
ok   options/constructor-fields
ok   options/locals-without-tokens
ok   options/editor-and-index-flags
ok   file/path-kind-hash
ok   file/hash-is-textHashOf
ok   file/hash-sees-text-after-a-nul-byte
ok   file/parser-class-gives-the-same
ok   file/lexed-entry-point
ok   file/empty-text-has-no-declarations
ok   file/empty-text-line-count
ok   signature/stable-under-body-edits
ok   signature/stable-under-comments-and-blank-lines
ok   signature/stable-under-whitespace
ok   signature/changes-with-a-parameter-type
ok   signature/changes-with-a-parameter-name
ok   signature/changes-with-a-return-type
ok   signature/changes-with-a-method-name
ok   signature/changes-with-a-new-method
ok   signature/changes-with-a-field-type
ok   signature/changes-with-a-modifier
ok   signature/changes-with-an-import
ok   signature/ignores-positions-so-it-never-gates-the-stored-file
ok   signature/changes-with-the-package
ok   signature/same-text-same-value
ok   kinds/manifest-is-empty
ok   kinds/component-is-empty
ok   kinds/text-hash-is-still-set
ok   kinds/manifest-via-the-lexed-entry-point
ok   kinds/manifest-report-is-empty
ok   kinds/component-report-is-empty
ok   kinds/plain-nv-with-project-in-the-name
ok   members/declarations-and-owner
ok   members/container
ok   members/absolute-spans
ok   members/locals-use-absolute-offsets
ok   members/lexer-issues-of-the-region
ok   members/no-imports-and-file-kind-is-ignored
ok   members/stray-closing-brace-is-skipped
ok   hand-made/token-list-without-eof
ok   hand-made/no-tokens-at-all
ok   report/hint-severity-and-format
ok   report/error-severity
ok   report/compound-assignment
ok   report/expected-token-mirrors-the-compiler
ok   report/line-count
ok   report/warning-severity
ok   report/clean-file-is-empty
ok   report/empty-text-is-empty
ok   report/columns-are-byte-columns
150 checks, 0 failed
