# Counters of test/run_lsp_corpus.sh (lsp/DESIGN.md 9.5-4 (c)). `== key n`: exact, `>= key n`: floor.
# Regenerate with test/run_lsp_corpus.sh --update after reviewing why a counter moved.
>= compare.accepted 423
== compare.accepted-with-own-error 0
== compare.accepted-with-own-warning 0
>= compare.checked 438
>= compare.closure-files 1147
== compare.different-line-exempt 1
== compare.failed-to-run 0
>= compare.needs-network 0
== compare.rejected-other 9
== compare.rejected-syntax 3
== compare.rejected-syntax-missed 0
== compare.semantic-compared 3
== compare.semantic-missed 0
>= diagnose.files 1302
== diagnose.skipped 0
>= fuzz.cases 131163
>= fuzz.files 1302
== fuzz.runtime-errors 0
== fuzz.skipped 0
== fuzz.slow-cases 0
== fuzz.violations 0
== syntax.accepted 0
>= syntax.files.manifest 80
>= syntax.files.nv 1170
>= syntax.files.nvh 52
== syntax.known-bad 3
== syntax.missing 0
== syntax.skipped 0
== syntax.unexpected 0
