false
true
false
false
true
true
true
false
true
true
false
true
false
true
true
3
0
9
2
5
6
3
4
5
5
7
true
false
true
true
false
true
false
true
-1
b~cd~~
2
4
false
true
4: one|two||three
2: one~two|three
4
one-two--three
one~two=three
one~2~2~~three
~ne~tw~~~three
one~two~~three
onetwothree
11
2
a~
1
a~b~c
5
x~y-z
x~y~z
3
ab~cd|ef~|gh
true
true
true
true
3159538278923791863
147671016955108347
3523407757
1104745215
3118893150984955718
4149218125
true
true
6: |a|a~|a~a|a~b|b
2
true
false
AB~CD
ab~cd
5
