ok    a = 0  ->  {"a":0}
ok    a = 10  ->  {"a":10}
ok    a = -7  ->  {"a":-7}
ok    a = +5  ->  {"a":5}
ok    a = 1_000  ->  {"a":1000}
ok    a = 0.5  ->  {"a":0.5}
ok    a = -0.25  ->  {"a":-0.25}
ok    a = 1.5e3  ->  {"a":1500.0}
ok    a = 6.02E+23  ->  {"a":6.02e+23}
ok    a = 2e-2  ->  {"a":0.02}
ok    a = 0x1F  ->  {"a":31}
ok    a = 0o17  ->  {"a":15}
ok    a = 0b101  ->  {"a":5}
error a = 01  ->  toml: line 1: invalid value '01'
error port = 08080  ->  toml: line 1: invalid value '08080'
error a = 00  ->  toml: line 1: invalid value '00'
error a = -01  ->  toml: line 1: invalid value '-01'
error a = 007.5  ->  toml: line 1: invalid value '007.5'
error a = 1.  ->  toml: line 1: invalid value '1.'
error a = .5  ->  toml: line 1: invalid value '.5'
error a = 1.e3  ->  toml: line 1: invalid value '1.e3'
error a = 1e  ->  toml: line 1: invalid value '1e'
error a = 1e+  ->  toml: line 1: invalid value '1e+'
error a = 0.  ->  toml: line 1: invalid value '0.'
error a = 1.2.3  ->  toml: line 1: invalid value '1.2.3'
