ok   keywords/count
ok   keywords/all-recognised
ok   keywords/list
ok   keywords/copy-is-detached
ok   keywords/contextual-words-are-identifiers
ok   words/keyword-and-ident
ok   words/contextual-are-idents
ok   words/underscore-digits
ok   numbers/hex
ok   numbers/hex-wraps-like-the-compiler
ok   numbers/bare-0x-is-int-and-ident
ok   numbers/floats
ok   numbers/dot-needs-digit
ok   numbers/no-exponent-no-suffix
ok   numbers/leading-zeros-kept
ok   operators/two-char
ok   operators/arrows-are-comparisons
ok   operators/single
ok   operators/shifts-win-over-generics
ok   operators/generic-close-fuses-with-equals
ok   operators/equals-minus
ok   operators/arrow-swallows-next
ok   unknown/ascii
ok   unknown/non-ascii-run-is-one-token
ok   unknown/two-runs
ok   unknown/issues
ok   unknown/control-bytes-are-whitespace
ok   token/isKeyword
ok   token/isIdent
ok   token/isWord-both-kinds
ok   token/isPunct-uses-canonical-value
ok   token/span
ok   token/isEnd
ok   strings/plain
ok   strings/escapes-decode
ok   strings/nul-and-return-decode-to-control-bytes
ok   strings/unicode-escape-is-literal
ok   strings/comment-markers-inside
ok   strings/terminated
ok   strings/empty
ok   strings/raw-newline-is-legal
ok   strings/line-and-column-of-the-opening-quote
ok   strings/next-line-counts-the-newline-inside
ok   strings/token-after-the-closing-quote
ok   strings/backslash-newline-keeps-the-newline
ok   strings/backslash-newline-line-counting
ok   interp/one
ok   interp/two
ok   interp/empty-expression
ok   interp/escape-before-it
ok   interp/escaped-dollar-still-interpolates
ok   interp/escaped-brace-still-opens
ok   interp/map-literal-balances-braces
ok   interp/unmatched-is-literal
ok   interp/unmatched-first-matched-second
ok   interp/plain-dollar-and-braces
ok   interp/raw-offsets-after-an-escaped-quote
ok   interp/scanner-recomputes-from-the-token
ok   comments/not-in-the-token-stream
ok   comments/kept-aside
ok   comments/doc-comments-are-plain-comments
ok   comments/block-over-lines
ok   comments/token-after-a-block-comment-is-not-first
ok   comments/stray-close-lexes-as-operators
ok   comments/empty-block
ok   comments/slash-is-division
ok   unterminated-comment/runs-to-the-end
ok   unterminated-comment/warning-at-the-opener
ok   unterminated-comment/slash-star-slash
ok   unterminated-comment/closed-block-has-no-issue
ok   unterminated-comment/tokens-before-survive
ok   unterminated-string/token-ends-at-the-line
ok   unterminated-string/issue-covers-the-line-part
ok   unterminated-string/not-terminated
ok   unterminated-string/lexing-continues-on-the-next-line
ok   unterminated-string/at-the-end-of-the-text
ok   unterminated-string/carriage-return-stays-out
ok   unterminated-string/escaped-last-quote
ok   unterminated-string/interpolation-spans-survive
ok   unterminated-string/later-quote-closes-a-multi-line-string
ok   unterminated-string/no-issue-when-closed-later
ok   positions/lines-columns-first-on-line
ok   positions/byte-columns-after-non-ascii
ok   positions/column-after-a-two-byte-string
ok   positions/tabs-are-one-byte
ok   positions/blank-lines
ok   positions/empty-text
ok   positions/only-whitespace
ok   positions/method-header
ok   positions/body-lines
ok   crlf/tokens
ok   crlf/positions
ok   crlf/line-comment-excludes-the-carriage-return
ok   crlf/block-comment
ok   crlf/lone-carriage-return-is-no-newline
ok   indexAt/token-containing-or-next
ok   indexAt/end-of-text-is-the-eof-token
ok   indexAt/negative-offset
ok   indexBefore/last-token-starting-before
ok   indexAt/empty-text
ok   indexBefore/empty-text
ok   commentEndingBefore/inside-the-comment
ok   commentEndingBefore/right-after-it
ok   commentEndingBefore/whitespace-between
ok   commentEndingBefore/a-token-in-between
ok   commentEndingBefore/before-any-comment
ok   commentEndingBefore/picks-the-last-one
ok   commentEndingBefore/token-between-two-comments
ok   commentEndingBefore/no-comments
ok   range/tokens-keep-absolute-offsets
ok   range/positions
ok   range/eof-sits-at-the-end-of-the-range
ok   range/lines-are-absolute
ok   range/line-and-column
ok   range/clamps-both-ends
ok   range/start-after-end-is-empty
ok   range/empty-range-eof-offset
ok   range/string-is-cut-at-the-limit
ok   range/cut-string-reports-the-issue
ok   range/lexer-class
ok   range/lexer-scan-is-the-whole-text
ok   truncation/0-lossless-and-ascending
ok   truncation/6-lossless-and-ascending
ok   truncation/12-lossless-and-ascending
ok   truncation/19-lossless-and-ascending
ok   truncation/25-lossless-and-ascending
ok   truncation/32-lossless-and-ascending
ok   truncation/38-lossless-and-ascending
ok   truncation/45-lossless-and-ascending
ok   truncation/51-lossless-and-ascending
ok   truncation/57-lossless-and-ascending
ok   truncation/64-lossless-and-ascending
ok   truncation/70-lossless-and-ascending
ok   truncation/77-lossless-and-ascending
ok   truncation/83-lossless-and-ascending
ok   truncation/90-lossless-and-ascending
ok   truncation/inside-a-string
ok   truncation/inside-a-block-comment
ok   truncation/inside-a-hex-literal
ok   truncation/whole-program-has-no-issues
ok   truncation/whole-program-comments
ok   large/every-unknown-byte-is-a-token
ok   large/issue-count-is-capped
ok   odd/every-byte-value-is-survived
ok   odd/empty-text-has-only-eof
ok   odd/deeply-nested-brackets
ok   nul/string-closes-after-it
ok   nul/line-comment-ends-at-the-newline
ok   nul/block-comment-closes-after-it
ok   nul/lines-are-counted-after-it
ok   nul/unterminated-string-stops-at-its-line
ok   linear/interpolations-agree-with-the-rescanning-reference
ok   linear/unbalanced-start-then-balanced
ok   linear/closer-before-an-opener-is-ignored
ok   linear/nested-interpolations-are-one-span
ok   linear/many-unmatched-interpolation-openers-are-two-tokens
ok   linear/many-unmatched-interpolation-openers-are-fast
ok   linear/escaped-quotes-report-a-bounded-number-of-issues
ok   linear/lines-of-escaped-quotes-are-fast
ok   linear/nul-at-the-end-keeps-every-token
ok   linear/nul-at-the-end-keeps-every-comment
ok   linear/nul-at-the-end-does-not-slow-the-searches
162 checks, 0 failed
