ok   lex/unterminated-string/declarations
ok   lex/unterminated-string/issues
ok   lex/unterminated-string-at-the-end/declarations
ok   lex/unterminated-string-at-the-end/issues
ok   lex/unterminated-comment/declarations
ok   lex/unterminated-comment/issues
ok   lex/unknown-character/declarations
ok   lex/unknown-character/issues
ok   lex/non-ascii-outside-strings/declarations
ok   lex/non-ascii-outside-strings/issues
ok   lex/valid-source-has-no-lexical-issues/declarations
ok   lex/valid-source-has-no-lexical-issues/issues
ok   top/garbage-then-a-declaration/declarations
ok   top/garbage-then-a-declaration/issues
ok   top/stray-closing-brace/declarations
ok   top/stray-closing-brace/issues
ok   top/garbage-with-a-block/declarations
ok   top/garbage-with-a-block/issues
ok   top/assignment-is-a-resync-point/declarations
ok   top/assignment-is-a-resync-point/issues
ok   top/annotation-is-a-resync-point/declarations
ok   top/annotation-is-a-resync-point/issues
ok   top/define-is-a-resync-point/declarations
ok   top/define-is-a-resync-point/issues
ok   top/async-method-is-a-resync-point/declarations
ok   top/async-method-is-a-resync-point/issues
ok   top/statement-at-top-level/declarations
ok   top/statement-at-top-level/issues
ok   top/import-with-a-dot/declarations
ok   top/import-with-a-dot/issues
ok   top/package-with-a-dot/declarations
ok   top/package-with-a-dot/issues
ok   top/modifier-before-method/declarations
ok   top/modifier-before-method/issues
ok   top/unknown-definition-kind/declarations
ok   top/unknown-definition-kind/issues
ok   top/define-abstract-class/declarations
ok   top/define-abstract-class/issues
ok   top/missing-class-name-before-the-next-declaration/declarations
ok   top/missing-class-name-before-the-next-declaration/issues
ok   top/missing-method-name/declarations
ok   top/missing-method-name/issues
ok   top/import-without-a-target/declarations
ok   top/import-without-a-target/issues
ok   top/import-path-ends-in-a-slash/declarations
ok   top/import-path-ends-in-a-slash/issues
ok   top/valid-semicolons-and-order/declarations
ok   top/valid-semicolons-and-order/issues
ok   top/print-statement-is-only-a-hint/declarations
ok   top/print-statement-is-only-a-hint/issues
ok   top/global-forms/declarations
ok   top/global-forms/issues
ok   top/next-assignment-is-not-swallowed/declarations
ok   top/next-assignment-is-not-swallowed/issues
ok   body/unclosed-closed-by-a-column-zero-method/declarations
ok   body/unclosed-closed-by-a-column-zero-method/issues
ok   body/unclosed-at-the-end-of-the-file/declarations
ok   body/unclosed-at-the-end-of-the-file/issues
ok   body/unclosed-inner-block/declarations
ok   body/unclosed-inner-block/issues
ok   body/unclosed-closed-by-define/declarations
ok   body/unclosed-closed-by-define/issues
ok   body/unclosed-closed-by-import/declarations
ok   body/unclosed-closed-by-import/issues
ok   body/unclosed-closed-by-an-annotation/declarations
ok   body/unclosed-closed-by-an-annotation/issues
ok   body/member-body-closed-by-the-next-member/declarations
ok   body/member-body-closed-by-the-next-member/issues
ok   body/method-without-a-body/declarations
ok   body/method-without-a-body/issues
ok   body/braces-in-strings-and-comments-do-not-count/declarations
ok   body/braces-in-strings-and-comments-do-not-count/issues
ok   class/unclosed-closed-by-a-column-zero-define/declarations
ok   class/unclosed-closed-by-a-column-zero-define/issues
ok   class/unclosed-closed-by-a-column-zero-method/declarations
ok   class/unclosed-closed-by-a-column-zero-method/issues
ok   class/unclosed-closed-by-a-global/declarations
ok   class/unclosed-closed-by-a-global/issues
ok   class/unclosed-at-the-end/declarations
ok   class/unclosed-at-the-end/issues
ok   class/unindented-members-are-not-a-column-zero-hazard/declarations
ok   class/unindented-members-are-not-a-column-zero-hazard/issues
ok   enum/unclosed/declarations
ok   enum/unclosed/issues
ok   interface/unclosed/declarations
ok   interface/unclosed/issues
ok   class/missing-open-brace/declarations
ok   class/missing-open-brace/issues
ok   class/second-base-is-skipped/declarations
ok   class/second-base-is-skipped/issues
ok   member/junk-between-members/declarations
ok   member/junk-between-members/issues
ok   member/field-initializer/declarations
ok   member/field-initializer/issues
ok   member/type-without-name-before-the-next-member/declarations
ok   member/type-without-name-before-the-next-member/issues
ok   member/duplicate-constructor-keeps-the-last/declarations
ok   member/duplicate-constructor-keeps-the-last/issues
ok   member/async-inside-a-class/declarations
ok   member/async-inside-a-class/issues
ok   member/typed-method-is-not-a-method/declarations
ok   member/typed-method-is-not-a-method/issues
ok   member/enum-two-names-is-a-field/declarations
ok   member/enum-two-names-is-a-field/issues
ok   member/enum-three-names-is-an-error/declarations
ok   member/enum-three-names-is-an-error/issues
ok   member/stray-semicolons/declarations
ok   member/stray-semicolons/issues
ok   member/annotations-reset-after-each-member/declarations
ok   member/annotations-reset-after-each-member/issues
ok   list/unterminated-parameters-before-the-next-method/declarations
ok   list/unterminated-parameters-before-the-next-method/issues
ok   list/unterminated-global-initializer-stops-at-the-next-declaration/declarations
ok   list/unterminated-global-initializer-stops-at-the-next-declaration/issues
ok   list/unterminated-parameters-before-a-block/declarations
ok   list/unterminated-parameters-before-a-block/issues
ok   list/missing-comma-between-parameters-is-fine/declarations
ok   list/missing-comma-between-parameters-is-fine/issues
ok   list/trailing-comma-is-fine/declarations
ok   list/trailing-comma-is-fine/issues
ok   list/unterminated-annotation-arguments/declarations
ok   list/unterminated-annotation-arguments/issues
ok   list/valid-annotation-arguments/declarations
ok   list/valid-annotation-arguments/issues
ok   list/unterminated-call-in-a-body/declarations
ok   list/unterminated-call-in-a-body/issues
ok   list/unterminated-generic-type/declarations
ok   list/unterminated-generic-type/issues
ok   list/missing-type/declarations
ok   list/missing-type/issues
ok   list/generic-closing-fuses-with-equals/declarations
ok   list/generic-closing-fuses-with-equals/issues
ok   list/typed-global-needs-var/declarations
ok   list/typed-global-needs-var/issues
ok   list/nested-generics/declarations
ok   list/nested-generics/issues
ok   for/c-style-with-var/declarations
ok   for/c-style-with-var/issues
ok   for/c-style-without-var/declarations
ok   for/c-style-without-var/issues
ok   for/index-and-item/declarations
ok   for/index-and-item/issues
ok   for/keyword-as-loop-variable/declarations
ok   for/keyword-as-loop-variable/issues
ok   for/missing-in/declarations
ok   for/missing-in/issues
ok   for/without-parentheses/declarations
ok   for/without-parentheses/issues
ok   for/valid/declarations
ok   for/valid/issues
ok   compound/every-form/declarations
ok   compound/every-form/issues
ok   compound/bitwise-forms/declarations
ok   compound/bitwise-forms/issues
ok   compound/valid-subtraction-of-a-negation/declarations
ok   compound/valid-subtraction-of-a-negation/issues
ok   compound/valid-comparisons-and-assignments/declarations
ok   compound/valid-comparisons-and-assignments/issues
ok   compound/inside-strings-and-comments/declarations
ok   compound/inside-strings-and-comments/issues
ok   brace/if-without-braces/declarations
ok   brace/if-without-braces/issues
ok   brace/while-without-braces/declarations
ok   brace/while-without-braces/issues
ok   brace/else-without-braces/declarations
ok   brace/else-without-braces/issues
ok   brace/sync-without-braces/declarations
ok   brace/sync-without-braces/issues
ok   parens/if-without-parentheses/declarations
ok   parens/if-without-parentheses/issues
ok   parens/while-without-parentheses/declarations
ok   parens/while-without-parentheses/issues
ok   else/without-if/declarations
ok   else/without-if/issues
ok   else/after-another-statement/declarations
ok   else/after-another-statement/issues
ok   else/chains-are-valid/declarations
ok   else/chains-are-valid/issues
ok   return/with-semicolon/declarations
ok   return/with-semicolon/issues
ok   return/value-on-the-next-line-is-a-new-statement/declarations
ok   return/value-on-the-next-line-is-a-new-statement/issues
ok   return/continued-expression/declarations
ok   return/continued-expression/issues
ok   name/variable/declarations
ok   name/variable/issues
ok   name/member-after-a-dot/declarations
ok   name/member-after-a-dot/issues
ok   name/parameter-type-position/declarations
ok   name/parameter-type-position/issues
ok   name/method/declarations
ok   name/method/issues
ok   name/field/declarations
ok   name/field/issues
ok   name/class/declarations
ok   name/class/issues
ok   name/contextual-words-are-fine/declarations
ok   name/contextual-words-are-fine/issues
ok   generic/shift-in-a-declaration-statement/declarations
ok   generic/shift-in-a-declaration-statement/issues
ok   generic/fused-closer-in-a-var-type/declarations
ok   generic/fused-closer-in-a-var-type/issues
ok   generic/var-with-nested-generics-is-fine/declarations
ok   generic/var-with-nested-generics-is-fine/issues
ok   generic/single-closers-are-fine/declarations
ok   generic/single-closers-are-fine/issues
ok   expr/var-without-a-name/declarations
ok   expr/var-without-a-name/issues
ok   expr/assignment-without-a-value/declarations
ok   expr/assignment-without-a-value/issues
ok   expr/print-without-an-expression/declarations
ok   expr/print-without-an-expression/issues
ok   expr/unterminated-literal/declarations
ok   expr/unterminated-literal/issues
ok   expr/dangling-dot/declarations
ok   expr/dangling-dot/issues
ok   expr/stray-closing-parenthesis/declarations
ok   expr/stray-closing-parenthesis/issues
ok   expr/stray-keyword/declarations
ok   expr/stray-keyword/issues
ok   expr/operator-without-operand/declarations
ok   expr/operator-without-operand/issues
ok   expr/next-assignment-is-not-swallowed/declarations
ok   expr/next-assignment-is-not-swallowed/issues
ok   sweep/every-37th-prefix-of-the-showcase-parses-sanely
ok   sweep/single-byte-deletions-and-insertions
ok   deep/blocks-beyond-the-nesting-limit/declarations
ok   deep/blocks-beyond-the-nesting-limit/issues
ok   deep/parentheses/declarations
ok   deep/parentheses/issues
ok   deep/many-members
ok   deep/many-methods
ok   nasty/brackets-and-quotes
ok   nasty/every-byte-value
ok   nasty/only-keywords
ok   nasty/issue-count-is-capped
ok   nesting/if-300-levels-keep-the-outline
ok   nesting/if-30000-levels-survive
ok   nesting/if-30000-levels-report-a-bounded-list
ok   nesting/while-300-levels-keep-the-outline
ok   nesting/while-30000-levels-survive
ok   nesting/while-30000-levels-report-a-bounded-list
ok   nesting/for-300-levels-keep-the-outline
ok   nesting/for-30000-levels-survive
ok   nesting/for-30000-levels-report-a-bounded-list
ok   nesting/else-300-levels-keep-the-outline
ok   nesting/else-30000-levels-survive
ok   nesting/else-30000-levels-report-a-bounded-list
ok   nesting/sync-300-levels-keep-the-outline
ok   nesting/sync-30000-levels-survive
ok   nesting/sync-30000-levels-report-a-bounded-list
ok   cap/statement-issues-are-capped
ok   cap/the-first-ones-are-kept
ok   cap/lexical-issues-are-capped
ok   loose/later-member-at-column-zero/declarations
ok   loose/later-member-at-column-zero/issues
ok   loose/annotation-at-column-zero/declarations
ok   loose/annotation-at-column-zero/issues
ok   loose/modifiers-at-column-zero/declarations
ok   loose/modifiers-at-column-zero/issues
ok   loose/first-member-on-the-brace-line/declarations
ok   loose/first-member-on-the-brace-line/issues
ok   loose/interface-entry-at-column-zero/declarations
ok   loose/interface-entry-at-column-zero/issues
ok   loose/really-unclosed-class-still-ends-at-the-method/declarations
ok   loose/really-unclosed-class-still-ends-at-the-method/issues
ok   skipped/dollar-in-an-expression/declarations
ok   skipped/dollar-in-an-expression/issues
ok   skipped/dollar-in-a-member-chain/declarations
ok   skipped/dollar-in-a-member-chain/issues
ok   skipped/dollar-between-top-level-items/declarations
ok   skipped/dollar-between-top-level-items/issues
ok   skipped/define-as-a-local-type/declarations
ok   skipped/define-as-a-local-type/issues
ok   skipped/the-token-stream-stays-lossless/declarations
ok   skipped/the-token-stream-stays-lossless/issues
ok   skipped/unknown-tokens-stay-in-the-source-file
ok   keyword/true-is-not-a-statement/declarations
ok   keyword/true-is-not-a-statement/issues
ok   keyword/true-is-fine-in-an-expression/declarations
ok   keyword/true-is-fine-in-an-expression/issues
ok   message/long-literal-is-one-short-line
ok   message/missing-parens-shows-no-raw-newline
ok   message/preview-never-cuts-a-multi-byte-character
ok   message/preview-of-unknown-bytes-is-valid-utf8-length-70
ok   open/method-at-the-end-of-the-text
ok   open/method-before-the-last-character
ok   open/method-before-the-first-character
ok   open/end-of-the-last-line-of-the-body
ok   open/blank-line-in-front-of-the-next-method
ok   open/the-next-method-starts-its-own-span
ok   open/class-member-after-the-dot
ok   open/class-member-at-the-end-of-the-text
ok   open/closed-method-ends-with-its-brace
ok   open/span-ends-where-the-next-declaration-starts
ok   open/body-span-ends-with-the-full-span
ok   open/span-of-the-last-declaration-ends-with-the-text
ok   open/member-stays-inside-an-unclosed-class
ok   codes/every-code-of-the-table-was-produced
299 checks, 0 failed
